// Jest Snapshot v1, https://goo.gl/fbAQLP

exports[`Checkbox Component should render without crashing 1`] = `
<input
  type="checkbox"
/>
`;
