// Jest Snapshot v1, https://goo.gl/fbAQLP

exports[`App component renders without crashing 1`] = `
<div
  className="App"
>
  <h1>
    React Tests
  </h1>
  <Input
    disabled={false}
  />
  <Checkbox
    checked={false}
    onCheck={[Function]}
    u={true}
  />
</div>
`;
