// Jest Snapshot v1, https://goo.gl/fbAQLP

exports[`Input Component should render without crashing 1`] = `
<div
  className="webflow-style-input"
>
  <input
    type="text"
  />
</div>
`;
